diff --git a/config/lf/blah b/config/lf/blah
new file mode 100644
index 000000000..e69de29bb
diff --git a/config/lf/lfrc b/config/lf/lfrc
index 55ebacb7f..3c5da9a35 100644
--- a/config/lf/lfrc
+++ b/config/lf/lfrc
@@ -174,6 +174,7 @@ cmd rename $pwsh -nop -c mv $Env:f.Trim('"') $args[0]
 # cmd cpmove %[ -e $destination ] && printf "file exists" || spastename $f $1
 
 map r push %$pwsh<space>-nop<space>-c<space>'$f=$Env:f.Trim([char]34);$ext=[IO.Path]::GetExtension($f);mv -LiteralPath $f -Destination ((Join-Path (Split-Path -LiteralPath $f) ($args[0]+$ext)))'<space>--<space>
+
 map gc :spastename
 
 # make sure trash folder exists
diff --git a/config/lf/message.log b/config/lf/message.log
new file mode 100644
index 000000000..09ce3e592
--- /dev/null
+++ b/config/lf/message.log
@@ -0,0 +1,13 @@
+diff --git a/config/lf/lfrc b/config/lf/lfrc
+index ba5055567..55ebacb7f 100644
+--- a/config/lf/lfrc
++++ b/config/lf/lfrc
+@@ -173,7 +173,7 @@ cmd rename $pwsh -nop -c mv $Env:f.Trim('"') $args[0]
+ 
+ # cmd cpmove %[ -e $destination ] && printf "file exists" || spastename $f $1
+ 
+-map r push %mv<space>$Env:f.Trim('"')<space>
++map r push %$pwsh<space>-nop<space>-c<space>'$f=$Env:f.Trim([char]34);$ext=[IO.Path]::GetExtension($f);mv -LiteralPath $f -Destination ((Join-Path (Split-Path -LiteralPath $f) ($args[0]+$ext)))'<space>--<space>
+ map gc :spastename
+ 
+ # make sure trash folder exists
